{"maxYieldListSize":1,"stakingValidatorsNonceList":[1,2],"mintingPoliciesNonceList":[1,2,3],"scriptToWrapYieldListMP":"0x46010000224981","scriptToWrapYieldListValidator":"0x46010000222499","compilationConfig":"NoTracing"}