{"maxYieldListSize":1,"nonceList":[1,2],"scriptToWrapYieldListMP":"0x46100224981","scriptToWrapYieldListValidator":"0x46100222499","compilationConfig":"NoTracing"}